<html>
<body>
<pre>
<h1>µVision Build Log</h1>
<h2>Tool Versions:</h2>
IDE-Version: ¦ÌVision V5.36.0.0
Copyright (C) 2021 ARM Ltd and ARM Germany GmbH. All rights reserved.
License Information: 1 king, 1, LIC=LSNXV-PE3SJ-RA5DM-XDJCH-H8EHI-XYF53
 
Tool Versions:
Toolchain:       MDK-ARM Plus  Version: 5.36.0.0
Toolchain Path:  D:\keil5\keil\ARM\ARMCC\Bin
C Compiler:      Armcc.exe V5.06 update 7 (build 960)
Assembler:       Armasm.exe V5.06 update 7 (build 960)
Linker/Locator:  ArmLink.exe V5.06 update 7 (build 960)
Library Manager: ArmAr.exe V5.06 update 7 (build 960)
Hex Converter:   FromElf.exe V5.06 update 7 (build 960)
CPU DLL:         SARMCM3.DLL V5.36.0.0
Dialog DLL:      DCM.DLL V1.17.3.0
Target DLL:      CMSIS_AGDI.dll V1.33.0.0
Dialog DLL:      TCM.DLL V1.53.0.0
 
<h2>Project:</h2>
D:\king\GD32F310-FreeRTOS\MDK-ARM\MyDemo.uvprojx
Project File Date:  04/02/2022

<h2>Output:</h2>
*** Using Compiler 'V5.06 update 7 (build 960)', folder: 'D:\keil5\keil\ARM\ARMCC\Bin'
Build target 'MyDemo'
compiling bsp_usart.c...
linking...
Program Size: Code=14824 RO-data=368 RW-data=160 ZI-data=7856  
FromELF: creating hex file...
".\Objects\MyDemo.axf" - 0 Error(s), 0 Warning(s).

<h2>Software Packages used:</h2>

Package Vendor: GigaDevice
                http://gd32mcu.com/data/documents/pack/GigaDevice.GD32F3x0_DFP.3.0.0.pack
                GigaDevice.GD32F3x0_DFP.3.0.0
                GigaDevice GD32F3x0 Series Device Support and Examples

<h2>Collection of Component include folders:</h2>
  D:\keil5\Packs\GigaDevice\GD32F3x0_DFP\3.0.0\Device\Include

<h2>Collection of Component Files used:</h2>
Build Time Elapsed:  00:00:00
</pre>
</body>
</html>
